<testsuites name="results">
  <testsuite name="all" package="all">
    <property name="random_seed" value="1770839860" />
  </testsuite>
</testsuites>
